// Vitest Snapshot v1, https://vitest.dev/guide/snapshot.html

exports[`snapshot > matches the committed canonical B1 layout 1`] = `
{
  "bbox": {
    "height": 421.715798,
    "maxX": 92.863359,
    "maxY": 384.715798,
    "minX": -91.203173,
    "minY": -37,
    "width": 184.066532,
  },
  "elements": [
    {
      "colorSlot": "trunk",
      "from": {
        "x": 0,
        "y": 0,
      },
      "id": "trunk-A0",
      "kind": "trunkSegment",
      "level": "A0",
      "state": "state:completed",
      "thickEnd": 22.008869,
      "thickStart": 26,
      "to": {
        "x": 0,
        "y": 60,
      },
    },
    {
      "colorSlot": "trunk",
      "from": {
        "x": 0,
        "y": 60,
      },
      "id": "trunk-A1",
      "kind": "trunkSegment",
      "level": "A1",
      "state": "state:completed",
      "thickEnd": 16.022173,
      "thickStart": 22.008869,
      "to": {
        "x": 0,
        "y": 150,
      },
    },
    {
      "colorSlot": "trunk",
      "from": {
        "x": 0,
        "y": 150,
      },
      "id": "trunk-A2",
      "kind": "trunkSegment",
      "level": "A2",
      "state": "state:completed",
      "thickEnd": 10.035477,
      "thickStart": 16.022173,
      "to": {
        "x": 0,
        "y": 240,
      },
    },
    {
      "colorSlot": "trunk",
      "from": {
        "x": 0,
        "y": 240,
      },
      "id": "trunk-B1",
      "kind": "trunkSegment",
      "level": "B1",
      "state": "state:current",
      "thickEnd": 8,
      "thickStart": 10.035477,
      "to": {
        "x": 0,
        "y": 270.6,
      },
    },
    {
      "angle": 114.784431,
      "colorSlot": "level",
      "from": {
        "x": 0,
        "y": 150,
      },
      "id": "branch-A1-hoeren",
      "kind": "skillBranch",
      "length": 97,
      "level": "A1",
      "side": "left",
      "skill": "hoeren",
      "state": "branch:matured",
      "thickEnd": 4,
      "thickStart": 9,
      "to": {
        "x": -40.662924,
        "y": 238.065468,
      },
    },
    {
      "angle": 102.934715,
      "chosenByUser": false,
      "colorSlot": "group:daily",
      "completedCount": 2,
      "from": {
        "x": -14.841967,
        "y": 182.143896,
      },
      "id": "shoot-A1-hoeren-greetings",
      "kind": "shoot",
      "length": 56,
      "level": "A1",
      "skill": "hoeren",
      "state": "state:in_progress",
      "thickEnd": 2,
      "thickStart": 1.8,
      "to": {
        "x": -27.377045,
        "y": 236.722938,
      },
      "topicGroup": "daily",
      "topicId": "greetings",
      "unlockOrder": 1,
    },
    {
      "colorSlot": "group:daily",
      "id": "leaf-a1_h_gr_1",
      "kind": "leaf",
      "level": "A1",
      "nodeId": "a1_h_gr_1",
      "orderIndex": 0,
      "pos": {
        "x": -19.020326,
        "y": 200.33691,
      },
      "r": 7,
      "shootId": "shoot-A1-hoeren-greetings",
      "skill": "hoeren",
      "state": "leaf:completed",
      "title": "Begrüßung",
      "topicId": "greetings",
    },
    {
      "colorSlot": "group:daily",
      "id": "leaf-a1_h_gr_2",
      "kind": "leaf",
      "level": "A1",
      "nodeId": "a1_h_gr_2",
      "orderIndex": 1,
      "pos": {
        "x": -20.274808,
        "y": 219.201446,
      },
      "r": 7,
      "shootId": "shoot-A1-hoeren-greetings",
      "skill": "hoeren",
      "state": "leaf:completed",
      "title": "Sich vorstellen",
      "topicId": "greetings",
    },
    {
      "colorSlot": "group:daily",
      "id": "tipbud-shoot-A1-hoeren-greetings",
      "kind": "shootTipBud",
      "pos": {
        "x": -27.377045,
        "y": 236.722938,
      },
      "r": 4,
      "shootId": "shoot-A1-hoeren-greetings",
      "state": "leaf:available",
    },
    {
      "angle": 126.500331,
      "chosenByUser": true,
      "colorSlot": "group:daily",
      "completedCount": 1,
      "from": {
        "x": -29.887249,
        "y": 214.728119,
      },
      "id": "shoot-A1-hoeren-family",
      "kind": "shoot",
      "length": 45,
      "level": "A1",
      "skill": "hoeren",
      "state": "state:in_progress",
      "thickEnd": 2,
      "thickStart": 1.8,
      "to": {
        "x": -56.654483,
        "y": 250.901523,
      },
      "topicGroup": "daily",
      "topicId": "family",
      "unlockOrder": 2,
    },
    {
      "colorSlot": "group:daily",
      "id": "leaf-a1_h_fa_1",
      "kind": "leaf",
      "level": "A1",
      "nodeId": "a1_h_fa_1",
      "orderIndex": 0,
      "pos": {
        "x": -43.270866,
        "y": 232.814821,
      },
      "r": 7,
      "shootId": "shoot-A1-hoeren-family",
      "skill": "hoeren",
      "state": "leaf:completed",
      "title": "Familie",
      "topicId": "family",
    },
    {
      "colorSlot": "group:daily",
      "id": "tipbud-shoot-A1-hoeren-family",
      "kind": "shootTipBud",
      "pos": {
        "x": -56.654483,
        "y": 250.901523,
      },
      "r": 4,
      "shootId": "shoot-A1-hoeren-family",
      "state": "leaf:available",
    },
    {
      "angle": 64.784431,
      "colorSlot": "level",
      "from": {
        "x": 0,
        "y": 150,
      },
      "id": "branch-A1-sprechen",
      "kind": "skillBranch",
      "length": 79,
      "level": "A1",
      "side": "right",
      "skill": "sprechen",
      "state": "branch:matured",
      "thickEnd": 4,
      "thickStart": 3,
      "to": {
        "x": 33.655986,
        "y": 221.472195,
      },
    },
    {
      "angle": 70.483864,
      "chosenByUser": false,
      "colorSlot": "group:daily",
      "completedCount": 1,
      "from": {
        "x": 18.510792,
        "y": 189.309707,
      },
      "id": "shoot-A1-sprechen-greetings",
      "kind": "shoot",
      "length": 45,
      "level": "A1",
      "skill": "sprechen",
      "state": "state:in_progress",
      "thickEnd": 2,
      "thickStart": 1.8,
      "to": {
        "x": 33.544047,
        "y": 231.724342,
      },
      "topicGroup": "daily",
      "topicId": "greetings",
      "unlockOrder": 1,
    },
    {
      "colorSlot": "group:daily",
      "id": "leaf-a1_s_gr_1",
      "kind": "leaf",
      "level": "A1",
      "nodeId": "a1_s_gr_1",
      "orderIndex": 0,
      "pos": {
        "x": 26.02742,
        "y": 210.517024,
      },
      "r": 7,
      "shootId": "shoot-A1-sprechen-greetings",
      "skill": "sprechen",
      "state": "leaf:completed",
      "title": "Dialog: Begrüßung",
      "topicId": "greetings",
    },
    {
      "colorSlot": "group:daily",
      "id": "tipbud-shoot-A1-sprechen-greetings",
      "kind": "shootTipBud",
      "pos": {
        "x": 33.544047,
        "y": 231.724342,
      },
      "r": 4,
      "shootId": "shoot-A1-sprechen-greetings",
      "state": "leaf:available",
    },
    {
      "angle": 131.784431,
      "colorSlot": "level",
      "from": {
        "x": 0,
        "y": 150,
      },
      "id": "branch-A1-lesen",
      "kind": "skillBranch",
      "length": 79,
      "level": "A1",
      "side": "left",
      "skill": "lesen",
      "state": "branch:matured",
      "thickEnd": 4,
      "thickStart": 3,
      "to": {
        "x": -52.64006,
        "y": 208.90691,
      },
    },
    {
      "angle": 123.744026,
      "chosenByUser": false,
      "colorSlot": "group:daily",
      "completedCount": 1,
      "from": {
        "x": -28.952033,
        "y": 182.3988,
      },
      "id": "shoot-A1-lesen-daily_life",
      "kind": "shoot",
      "length": 45,
      "level": "A1",
      "skill": "lesen",
      "state": "state:in_progress",
      "thickEnd": 2,
      "thickStart": 1.8,
      "to": {
        "x": -53.948792,
        "y": 219.817539,
      },
      "topicGroup": "daily",
      "topicId": "daily_life",
      "unlockOrder": 1,
    },
    {
      "colorSlot": "group:daily",
      "id": "leaf-a1_l_dl_1",
      "kind": "leaf",
      "level": "A1",
      "nodeId": "a1_l_dl_1",
      "orderIndex": 0,
      "pos": {
        "x": -41.450413,
        "y": 201.10817,
      },
      "r": 7,
      "shootId": "shoot-A1-lesen-daily_life",
      "skill": "lesen",
      "state": "leaf:completed",
      "title": "Tagesablauf",
      "topicId": "daily_life",
    },
    {
      "colorSlot": "group:daily",
      "id": "tipbud-shoot-A1-lesen-daily_life",
      "kind": "shootTipBud",
      "pos": {
        "x": -53.948792,
        "y": 219.817539,
      },
      "r": 4,
      "shootId": "shoot-A1-lesen-daily_life",
      "state": "leaf:available",
    },
    {
      "angle": 47.784431,
      "colorSlot": "level",
      "from": {
        "x": 0,
        "y": 150,
      },
      "id": "branch-A1-schreiben",
      "kind": "skillBranch",
      "length": 79,
      "level": "A1",
      "side": "right",
      "skill": "schreiben",
      "state": "branch:matured",
      "thickEnd": 4,
      "thickStart": 3,
      "to": {
        "x": 53.081827,
        "y": 208.509141,
      },
    },
    {
      "angle": 37.568018,
      "chosenByUser": false,
      "colorSlot": "group:daily",
      "completedCount": 1,
      "from": {
        "x": 29.195005,
        "y": 182.180028,
      },
      "id": "shoot-A1-schreiben-forms",
      "kind": "shoot",
      "length": 45,
      "level": "A1",
      "skill": "schreiben",
      "state": "state:in_progress",
      "thickEnd": 2,
      "thickStart": 1.8,
      "to": {
        "x": 64.863359,
        "y": 209.616655,
      },
      "topicGroup": "daily",
      "topicId": "forms",
      "unlockOrder": 1,
    },
    {
      "colorSlot": "group:daily",
      "id": "leaf-a1_w_fo_1",
      "kind": "leaf",
      "level": "A1",
      "nodeId": "a1_w_fo_1",
      "orderIndex": 0,
      "pos": {
        "x": 47.029182,
        "y": 195.898341,
      },
      "r": 7,
      "shootId": "shoot-A1-schreiben-forms",
      "skill": "schreiben",
      "state": "leaf:completed",
      "title": "Formular ausfüllen",
      "topicId": "forms",
    },
    {
      "colorSlot": "group:daily",
      "id": "tipbud-shoot-A1-schreiben-forms",
      "kind": "shootTipBud",
      "pos": {
        "x": 64.863359,
        "y": 209.616655,
      },
      "r": 4,
      "shootId": "shoot-A1-schreiben-forms",
      "state": "leaf:available",
    },
    {
      "angle": 113.389231,
      "colorSlot": "level",
      "from": {
        "x": 0,
        "y": 240,
      },
      "id": "branch-A2-hoeren",
      "kind": "skillBranch",
      "length": 88,
      "level": "A2",
      "side": "left",
      "skill": "hoeren",
      "state": "branch:matured",
      "thickEnd": 4,
      "thickStart": 6,
      "to": {
        "x": -34.933834,
        "y": 320.768975,
      },
    },
    {
      "angle": 111.167322,
      "chosenByUser": true,
      "colorSlot": "group:medical",
      "completedCount": 2,
      "from": {
        "x": -19.213609,
        "y": 284.422936,
      },
      "id": "shoot-A2-hoeren-health_basic",
      "kind": "shoot",
      "length": 56,
      "level": "A2",
      "skill": "hoeren",
      "state": "state:in_progress",
      "thickEnd": 2,
      "thickStart": 1.8,
      "to": {
        "x": -39.434803,
        "y": 336.64461,
      },
      "topicGroup": "medical",
      "topicId": "health_basic",
      "unlockOrder": 1,
    },
    {
      "colorSlot": "group:medical",
      "id": "leaf-a2_h_hb_1",
      "kind": "leaf",
      "level": "A2",
      "nodeId": "a2_h_hb_1",
      "orderIndex": 0,
      "pos": {
        "x": -25.954007,
        "y": 301.830161,
      },
      "r": 7,
      "shootId": "shoot-A2-hoeren-health_basic",
      "skill": "hoeren",
      "state": "leaf:completed",
      "title": "Beim Arzt",
      "topicId": "health_basic",
    },
    {
      "colorSlot": "group:medical",
      "id": "leaf-a2_h_hb_2",
      "kind": "leaf",
      "level": "A2",
      "nodeId": "a2_h_hb_2",
      "orderIndex": 1,
      "pos": {
        "x": -29.896815,
        "y": 320.320664,
      },
      "r": 7,
      "shootId": "shoot-A2-hoeren-health_basic",
      "skill": "hoeren",
      "state": "leaf:completed",
      "title": "Körperteile",
      "topicId": "health_basic",
    },
    {
      "colorSlot": "group:medical",
      "id": "tipbud-shoot-A2-hoeren-health_basic",
      "kind": "shootTipBud",
      "pos": {
        "x": -39.434803,
        "y": 336.64461,
      },
      "r": 4,
      "shootId": "shoot-A2-hoeren-health_basic",
      "state": "leaf:available",
    },
    {
      "angle": 66.389231,
      "colorSlot": "level",
      "from": {
        "x": 0,
        "y": 240,
      },
      "id": "branch-A2-sprechen",
      "kind": "skillBranch",
      "length": 79,
      "level": "A2",
      "side": "right",
      "skill": "sprechen",
      "state": "branch:matured",
      "thickEnd": 4,
      "thickStart": 3,
      "to": {
        "x": 31.64118,
        "y": 312.38671,
      },
    },
    {
      "angle": 68.61114,
      "chosenByUser": true,
      "colorSlot": "group:medical",
      "completedCount": 1,
      "from": {
        "x": 17.402649,
        "y": 279.81269,
      },
      "id": "shoot-A2-sprechen-health_basic",
      "kind": "shoot",
      "length": 45,
      "level": "A2",
      "skill": "sprechen",
      "state": "state:in_progress",
      "thickEnd": 2,
      "thickStart": 1.8,
      "to": {
        "x": 33.813958,
        "y": 321.713394,
      },
      "topicGroup": "medical",
      "topicId": "health_basic",
      "unlockOrder": 1,
    },
    {
      "colorSlot": "group:medical",
      "id": "leaf-a2_s_hb_1",
      "kind": "leaf",
      "level": "A2",
      "nodeId": "a2_s_hb_1",
      "orderIndex": 0,
      "pos": {
        "x": 25.608303,
        "y": 300.763042,
      },
      "r": 7,
      "shootId": "shoot-A2-sprechen-health_basic",
      "skill": "sprechen",
      "state": "leaf:completed",
      "title": "Symptome beschreiben",
      "topicId": "health_basic",
    },
    {
      "colorSlot": "group:medical",
      "id": "tipbud-shoot-A2-sprechen-health_basic",
      "kind": "shootTipBud",
      "pos": {
        "x": 33.813958,
        "y": 321.713394,
      },
      "r": 4,
      "shootId": "shoot-A2-sprechen-health_basic",
      "state": "leaf:available",
    },
    {
      "angle": 130.389231,
      "colorSlot": "level",
      "from": {
        "x": 0,
        "y": 240,
      },
      "id": "branch-A2-lesen",
      "kind": "skillBranch",
      "length": 79,
      "level": "A2",
      "side": "left",
      "skill": "lesen",
      "state": "branch:matured",
      "thickEnd": 4,
      "thickStart": 3,
      "to": {
        "x": -51.190163,
        "y": 300.171149,
      },
    },
    {
      "angle": 141.156079,
      "chosenByUser": true,
      "colorSlot": "group:work",
      "completedCount": 1,
      "from": {
        "x": -28.15459,
        "y": 273.094132,
      },
      "id": "shoot-A2-lesen-work",
      "kind": "shoot",
      "length": 45,
      "level": "A2",
      "skill": "lesen",
      "state": "state:in_progress",
      "thickEnd": 2,
      "thickStart": 1.8,
      "to": {
        "x": -63.203173,
        "y": 301.318179,
      },
      "topicGroup": "work",
      "topicId": "work",
      "unlockOrder": 1,
    },
    {
      "colorSlot": "group:work",
      "id": "leaf-a2_l_wk_1",
      "kind": "leaf",
      "level": "A2",
      "nodeId": "a2_l_wk_1",
      "orderIndex": 0,
      "pos": {
        "x": -45.678881,
        "y": 287.206155,
      },
      "r": 7,
      "shootId": "shoot-A2-lesen-work",
      "skill": "lesen",
      "state": "leaf:completed",
      "title": "Arbeitsplatz",
      "topicId": "work",
    },
    {
      "colorSlot": "group:work",
      "id": "tipbud-shoot-A2-lesen-work",
      "kind": "shootTipBud",
      "pos": {
        "x": -63.203173,
        "y": 301.318179,
      },
      "r": 4,
      "shootId": "shoot-A2-lesen-work",
      "state": "leaf:available",
    },
    {
      "angle": 49.389231,
      "colorSlot": "level",
      "from": {
        "x": 0,
        "y": 240,
      },
      "id": "branch-A2-schreiben",
      "kind": "skillBranch",
      "length": 79,
      "level": "A2",
      "side": "right",
      "skill": "schreiben",
      "state": "branch:matured",
      "thickEnd": 4,
      "thickStart": 3,
      "to": {
        "x": 51.422436,
        "y": 299.972769,
      },
    },
    {
      "angle": 39.564418,
      "chosenByUser": false,
      "colorSlot": "group:daily",
      "completedCount": 1,
      "from": {
        "x": 28.28234,
        "y": 272.985023,
      },
      "id": "shoot-A2-schreiben-messages",
      "kind": "shoot",
      "length": 45,
      "level": "A2",
      "skill": "schreiben",
      "state": "state:in_progress",
      "thickEnd": 2,
      "thickStart": 1.8,
      "to": {
        "x": 62.973243,
        "y": 301.647564,
      },
      "topicGroup": "daily",
      "topicId": "messages",
      "unlockOrder": 1,
    },
    {
      "colorSlot": "group:daily",
      "id": "leaf-a2_w_ms_1",
      "kind": "leaf",
      "level": "A2",
      "nodeId": "a2_w_ms_1",
      "orderIndex": 0,
      "pos": {
        "x": 45.627791,
        "y": 287.316294,
      },
      "r": 7,
      "shootId": "shoot-A2-schreiben-messages",
      "skill": "schreiben",
      "state": "leaf:completed",
      "title": "Kurze E-Mail",
      "topicId": "messages",
    },
    {
      "colorSlot": "group:daily",
      "id": "tipbud-shoot-A2-schreiben-messages",
      "kind": "shootTipBud",
      "pos": {
        "x": 62.973243,
        "y": 301.647564,
      },
      "r": 4,
      "shootId": "shoot-A2-schreiben-messages",
      "state": "leaf:available",
    },
    {
      "angle": 110.496454,
      "colorSlot": "level",
      "from": {
        "x": 0,
        "y": 270.6,
      },
      "id": "branch-B1-hoeren",
      "kind": "skillBranch",
      "length": 80.5,
      "level": "B1",
      "side": "left",
      "skill": "hoeren",
      "state": "branch:growing",
      "thickEnd": 4,
      "thickStart": 12,
      "to": {
        "x": -28.187027,
        "y": 346.003856,
      },
    },
    {
      "angle": 99.289999,
      "chosenByUser": true,
      "colorSlot": "group:medical",
      "completedCount": 1,
      "from": {
        "x": -10.288265,
        "y": 298.122407,
      },
      "id": "shoot-B1-hoeren-nursing_care",
      "kind": "shoot",
      "length": 45,
      "level": "B1",
      "skill": "hoeren",
      "state": "state:in_progress",
      "thickEnd": 2,
      "thickStart": 1.8,
      "to": {
        "x": -17.552685,
        "y": 342.532183,
      },
      "topicGroup": "medical",
      "topicId": "nursing_care",
      "unlockOrder": 1,
    },
    {
      "colorSlot": "group:medical",
      "id": "leaf-b1_h_nc_1",
      "kind": "leaf",
      "level": "B1",
      "nodeId": "b1_h_nc_1",
      "orderIndex": 0,
      "pos": {
        "x": -11.741149,
        "y": 307.004363,
      },
      "r": 7,
      "shootId": "shoot-B1-hoeren-nursing_care",
      "skill": "hoeren",
      "state": "leaf:completed",
      "title": "Pflegegespräch",
      "topicId": "nursing_care",
    },
    {
      "colorSlot": "group:medical",
      "id": "leaf-b1_h_nc_2",
      "kind": "leaf",
      "level": "B1",
      "nodeId": "b1_h_nc_2",
      "orderIndex": 1,
      "pos": {
        "x": -10.233381,
        "y": 316.370612,
      },
      "r": 6.44,
      "shootId": "shoot-B1-hoeren-nursing_care",
      "skill": "hoeren",
      "state": "leaf:in_progress",
      "title": "Übergabe",
      "topicId": "nursing_care",
    },
    {
      "colorSlot": "group:medical",
      "id": "leaf-b1_h_nc_3",
      "kind": "leaf",
      "level": "B1",
      "nodeId": "b1_h_nc_3",
      "orderIndex": 2,
      "pos": {
        "x": -17.607569,
        "y": 324.283978,
      },
      "r": 5.6,
      "shootId": "shoot-B1-hoeren-nursing_care",
      "skill": "hoeren",
      "state": "leaf:available",
      "title": "Medikamente",
      "topicId": "nursing_care",
    },
    {
      "colorSlot": "group:medical",
      "id": "leaf-b1_h_nc_4",
      "kind": "leaf",
      "level": "B1",
      "nodeId": "b1_h_nc_4",
      "orderIndex": 3,
      "pos": {
        "x": -13.139149,
        "y": 334.134523,
      },
      "r": 4.9,
      "shootId": "shoot-B1-hoeren-nursing_care",
      "skill": "hoeren",
      "state": "leaf:locked",
      "title": "Notfall",
      "topicId": "nursing_care",
    },
    {
      "colorSlot": "group:medical",
      "id": "tipbud-shoot-B1-hoeren-nursing_care",
      "kind": "shootTipBud",
      "pos": {
        "x": -17.552685,
        "y": 342.532183,
      },
      "r": 4,
      "shootId": "shoot-B1-hoeren-nursing_care",
      "state": "leaf:available",
    },
    {
      "angle": 115.476251,
      "chosenByUser": false,
      "colorSlot": "group:daily",
      "completedCount": 0,
      "from": {
        "x": -20.717465,
        "y": 326.021834,
      },
      "id": "shoot-B1-hoeren-daily_life",
      "kind": "shoot",
      "length": 34,
      "level": "B1",
      "skill": "hoeren",
      "state": "state:in_progress",
      "thickEnd": 2,
      "thickStart": 1.8,
      "to": {
        "x": -35.342121,
        "y": 356.715798,
      },
      "topicGroup": "daily",
      "topicId": "daily_life",
      "unlockOrder": 2,
    },
    {
      "colorSlot": "group:daily",
      "id": "leaf-b1_h_dl_1",
      "kind": "leaf",
      "level": "B1",
      "nodeId": "b1_h_dl_1",
      "orderIndex": 0,
      "pos": {
        "x": -28.029793,
        "y": 341.368816,
      },
      "r": 5.6,
      "shootId": "shoot-B1-hoeren-daily_life",
      "skill": "hoeren",
      "state": "leaf:available",
      "title": "Wohnung",
      "topicId": "daily_life",
    },
    {
      "colorSlot": "group:daily",
      "id": "tipbud-shoot-B1-hoeren-daily_life",
      "kind": "shootTipBud",
      "pos": {
        "x": -35.342121,
        "y": 356.715798,
      },
      "r": 4,
      "shootId": "shoot-B1-hoeren-daily_life",
      "state": "leaf:available",
    },
    {
      "angle": 66.496454,
      "colorSlot": "level",
      "from": {
        "x": 0,
        "y": 270.6,
      },
      "id": "branch-B1-sprechen",
      "kind": "skillBranch",
      "length": 61.6,
      "level": "B1",
      "side": "right",
      "skill": "sprechen",
      "state": "branch:growing",
      "thickEnd": 4,
      "thickStart": 6,
      "to": {
        "x": 24.566439,
        "y": 327.08938,
      },
    },
    {
      "angle": 70.909364,
      "chosenByUser": true,
      "colorSlot": "group:medical",
      "completedCount": 1,
      "from": {
        "x": 13.511541,
        "y": 301.669159,
      },
      "id": "shoot-B1-sprechen-nursing_care",
      "kind": "shoot",
      "length": 45,
      "level": "B1",
      "skill": "sprechen",
      "state": "state:in_progress",
      "thickEnd": 2,
      "thickStart": 1.8,
      "to": {
        "x": 28.229397,
        "y": 344.194266,
      },
      "topicGroup": "medical",
      "topicId": "nursing_care",
      "unlockOrder": 1,
    },
    {
      "colorSlot": "group:medical",
      "id": "leaf-b1_s_nc_1",
      "kind": "leaf",
      "level": "B1",
      "nodeId": "b1_s_nc_1",
      "orderIndex": 0,
      "pos": {
        "x": 18.417493,
        "y": 315.844195,
      },
      "r": 7,
      "shootId": "shoot-B1-sprechen-nursing_care",
      "skill": "sprechen",
      "state": "leaf:completed",
      "title": "Patient beruhigen",
      "topicId": "nursing_care",
    },
    {
      "colorSlot": "group:medical",
      "id": "leaf-b1_s_nc_2",
      "kind": "leaf",
      "level": "B1",
      "nodeId": "b1_s_nc_2",
      "orderIndex": 1,
      "pos": {
        "x": 26.158452,
        "y": 329.03804,
      },
      "r": 5.6,
      "shootId": "shoot-B1-sprechen-nursing_care",
      "skill": "sprechen",
      "state": "leaf:available",
      "title": "Anweisungen geben",
      "topicId": "nursing_care",
    },
    {
      "colorSlot": "group:medical",
      "id": "tipbud-shoot-B1-sprechen-nursing_care",
      "kind": "shootTipBud",
      "pos": {
        "x": 28.229397,
        "y": 344.194266,
      },
      "r": 4,
      "shootId": "shoot-B1-sprechen-nursing_care",
      "state": "leaf:available",
    },
    {
      "angle": 127.496454,
      "colorSlot": "level",
      "from": {
        "x": 0,
        "y": 270.6,
      },
      "id": "branch-B1-lesen",
      "kind": "skillBranch",
      "length": 55.3,
      "level": "B1",
      "side": "left",
      "skill": "lesen",
      "state": "branch:growing",
      "thickEnd": 4,
      "thickStart": 3,
      "to": {
        "x": -33.661792,
        "y": 314.474523,
      },
    },
    {
      "angle": 127.414653,
      "chosenByUser": true,
      "colorSlot": "group:medical",
      "completedCount": 0,
      "from": {
        "x": -18.513985,
        "y": 294.730988,
      },
      "id": "shoot-B1-lesen-health_docs",
      "kind": "shoot",
      "length": 34,
      "level": "B1",
      "skill": "lesen",
      "state": "state:in_progress",
      "thickEnd": 2,
      "thickStart": 1.8,
      "to": {
        "x": -39.171671,
        "y": 321.735803,
      },
      "topicGroup": "medical",
      "topicId": "health_docs",
      "unlockOrder": 1,
    },
    {
      "colorSlot": "group:medical",
      "id": "leaf-b1_l_hd_1",
      "kind": "leaf",
      "level": "B1",
      "nodeId": "b1_l_hd_1",
      "orderIndex": 0,
      "pos": {
        "x": -28.842828,
        "y": 308.233395,
      },
      "r": 6.44,
      "shootId": "shoot-B1-lesen-health_docs",
      "skill": "lesen",
      "state": "leaf:in_progress",
      "title": "Patientenakte",
      "topicId": "health_docs",
    },
    {
      "colorSlot": "group:medical",
      "id": "tipbud-shoot-B1-lesen-health_docs",
      "kind": "shootTipBud",
      "pos": {
        "x": -39.171671,
        "y": 321.735803,
      },
      "r": 4,
      "shootId": "shoot-B1-lesen-health_docs",
      "state": "leaf:available",
    },
    {
      "colorSlot": "level",
      "id": "bud-B1-schreiben",
      "kind": "dormantBud",
      "level": "B1",
      "pos": {
        "x": 0,
        "y": 270.6,
      },
      "r": 4,
      "skill": "schreiben",
      "state": "branch:locked",
    },
    {
      "colorSlot": "level",
      "id": "level-A0",
      "kind": "levelNode",
      "level": "A0",
      "pos": {
        "x": 0,
        "y": 60,
      },
      "r": 11,
      "state": "state:completed",
    },
    {
      "colorSlot": "level",
      "id": "level-A1",
      "kind": "levelNode",
      "level": "A1",
      "pos": {
        "x": 0,
        "y": 150,
      },
      "r": 11,
      "state": "state:completed",
    },
    {
      "colorSlot": "level",
      "id": "level-A2",
      "kind": "levelNode",
      "level": "A2",
      "pos": {
        "x": 0,
        "y": 240,
      },
      "r": 11,
      "state": "state:completed",
    },
    {
      "colorSlot": "level",
      "id": "level-B1",
      "kind": "levelNode",
      "level": "B1",
      "pos": {
        "x": 0,
        "y": 270.6,
      },
      "r": 11,
      "state": "state:current",
    },
    {
      "colorSlot": "milestone",
      "effectiveState": "passed",
      "gateSatisfied": false,
      "id": "ms_a0",
      "isCurrentGate": false,
      "kind": "milestone",
      "level": "A0",
      "pos": {
        "x": 0,
        "y": 60,
      },
      "r": 17,
      "rawState": "passed",
      "state": "state:passed",
      "title": "Khởi đầu — gieo mầm",
    },
    {
      "colorSlot": "milestone",
      "effectiveState": "passed",
      "gateSatisfied": true,
      "id": "ms_a1",
      "isCurrentGate": false,
      "kind": "milestone",
      "level": "A1",
      "pos": {
        "x": 0,
        "y": 150,
      },
      "r": 17,
      "rawState": "passed",
      "state": "state:passed",
      "title": "Vượt cấp A1 (đề thi thử)",
    },
    {
      "colorSlot": "milestone",
      "effectiveState": "passed",
      "gateSatisfied": true,
      "id": "ms_a2",
      "isCurrentGate": false,
      "kind": "milestone",
      "level": "A2",
      "pos": {
        "x": 0,
        "y": 240,
      },
      "r": 17,
      "rawState": "passed",
      "state": "state:passed",
      "title": "Vượt cấp A2 (đề thi thử)",
    },
    {
      "colorSlot": "milestone",
      "effectiveState": "locked",
      "gateSatisfied": false,
      "id": "ms_b1",
      "isCurrentGate": true,
      "kind": "milestone",
      "level": "B1",
      "pos": {
        "x": 0,
        "y": 270.6,
      },
      "r": 17,
      "rawState": "locked",
      "state": "state:locked",
      "title": "Vượt cấp B1 (đề thi thử telc)",
    },
  ],
  "metrics": {
    "achievedLevels": 4,
    "center": {
      "x": 0.830093,
      "y": 173.857899,
    },
    "completedLeaves": 13,
    "groundY": 0,
    "maturedBranches": 8,
    "nextLevelLocked": true,
    "suggestedScale": 1.707311,
    "totalBranches": 11,
    "totalLeaves": 19,
    "totalShoots": 13,
    "truncated": false,
    "trunkHeight": 270.6,
  },
}
`;
